0
20
22
24
26
14
3
25
b vecArray
1
20
22
24
26
14
3
25
b vecArray
2
20
22
24
26
14
3
25
b vecArray
3
20
22
24
26
14
3
25
b vecArray
4
20
22
24
26
14
3
25
b vecArray
5
20
22
24
26
14
3
25
b vecArray
6
20
22
24
26
14
3
25
b vecArray
7
20
22
24
26
14
3
25
b vecArray
8
20
22
24
26
14
3
25
b vecArray
9
20
22
24
26
14
3
25
b vecArray
10
20
22
24
26
14
3
25
b vecArray
11
20
22
24
26
14
3
25
b vecArray
12
20
22
24
26
14
3
25
b vecArray
13
20
22
24
26
14
3
25
b vecArray
14
20
22
24
26
14
3
25
b vecArray
15
20
22
24
26
14
3
25
b vecArray
16
20
22
24
26
14
3
25
b vecArray
17
20
22
24
26
14
3
25
b vecArray
18
20
22
24
26
14
3
25
b vecArray
19
20
22
24
26
14
3
25
b vecArray
20
20
22
24
26
14
3
25
b vecArray
21
20
22
24
26
14
3
25
b vecArray
22
20
22
24
26
14
3
25
b vecArray
23
20
22
24
26
14
3
25
b vecArray
24
20
22
24
26
14
3
25
b vecArray
25
20
22
24
26
14
3
25
b vecArray
26
20
22
24
26
14
3
25
b vecArray
27
20
22
24
26
14
3
25
b vecArray
28
20
22
24
26
14
3
25
b vecArray
29
20
22
24
26
14
3
25
b vecArray
30
20
22
24
26
14
3
25
b vecArray
31
20
22
24
26
14
3
25
b vecArray
32
20
22
24
26
14
3
25
b vecArray
33
20
22
24
26
14
3
25
b vecArray
34
20
22
24
26
14
3
25
b vecArray
35
20
22
24
26
14
3
25
b vecArray
36
20
22
24
26
14
3
25
b vecArray
37
20
22
24
26
14
3
25
b vecArray
38
20
22
24
26
14
3
25
b vecArray
39
20
22
24
26
14
3
25
b vecArray
40
20
22
24
26
14
3
25
b vecArray
41
20
22
24
26
14
3
25
b vecArray
42
20
22
24
26
14
3
25
b vecArray
43
20
22
24
26
14
3
25
b vecArray
44
20
22
24
26
14
3
25
b vecArray
45
20
22
24
26
14
3
25
b vecArray
46
20
22
24
26
14
3
25
b vecArray
47
20
22
24
26
14
3
25
b vecArray
48
20
22
24
26
14
3
25
b vecArray
49
20
22
24
26
14
3
25
b vecArray
50
20
22
24
26
14
3
25
b vecArray
0
120
122
124
126
114
103
125
array_of_vector
1
120
122
124
126
114
103
125
array_of_vector
2
120
122
124
126
114
103
125
array_of_vector
3
120
122
124
126
114
103
125
array_of_vector
4
120
122
124
126
114
103
125
array_of_vector
5
120
122
124
126
114
103
125
array_of_vector
6
120
122
124
126
114
103
125
array_of_vector
7
120
122
124
126
114
103
125
array_of_vector
8
120
122
124
126
114
103
125
array_of_vector
9
120
122
124
126
114
103
125
array_of_vector
10
120
122
124
126
114
103
125
array_of_vector
11
120
122
124
126
114
103
125
array_of_vector
12
120
122
124
126
114
103
125
array_of_vector
13
120
122
124
126
114
103
125
array_of_vector
14
120
122
124
126
114
103
125
array_of_vector
15
120
122
124
126
114
103
125
array_of_vector
16
120
122
124
126
114
103
125
array_of_vector
17
120
122
124
126
114
103
125
array_of_vector
18
120
122
124
126
114
103
125
array_of_vector
19
120
122
124
126
114
103
125
array_of_vector
20
120
122
124
126
114
103
125
array_of_vector
21
120
122
124
126
114
103
125
array_of_vector
22
120
122
124
126
114
103
125
array_of_vector
23
120
122
124
126
114
103
125
array_of_vector
24
120
122
124
126
114
103
125
array_of_vector
25
120
122
124
126
114
103
125
array_of_vector
26
120
122
124
126
114
103
125
array_of_vector
27
120
122
124
126
114
103
125
array_of_vector
28
120
122
124
126
114
103
125
array_of_vector
29
120
122
124
126
114
103
125
array_of_vector
30
120
122
124
126
114
103
125
array_of_vector
31
120
122
124
126
114
103
125
array_of_vector
32
120
122
124
126
114
103
125
array_of_vector
33
120
122
124
126
114
103
125
array_of_vector
34
120
122
124
126
114
103
125
array_of_vector
35
120
122
124
126
114
103
125
array_of_vector
36
120
122
124
126
114
103
125
array_of_vector
37
120
122
124
126
114
103
125
array_of_vector
38
120
122
124
126
114
103
125
array_of_vector
39
120
122
124
126
114
103
125
array_of_vector
40
120
122
124
126
114
103
125
array_of_vector
41
120
122
124
126
114
103
125
array_of_vector
42
120
122
124
126
114
103
125
array_of_vector
43
120
122
124
126
114
103
125
array_of_vector
44
120
122
124
126
114
103
125
array_of_vector
45
120
122
124
126
114
103
125
array_of_vector
46
120
122
124
126
114
103
125
array_of_vector
47
120
122
124
126
114
103
125
array_of_vector
48
120
122
124
126
114
103
125
array_of_vector
49
120
122
124
126
114
103
125
array_of_vector
50
120
122
124
126
114
103
125
array_of_vector
0
20
22
24
26
14
3
43
b vecArray
1
20
22
24
26
14
3
43
b vecArray
2
20
22
24
26
14
3
43
b vecArray
3
20
22
24
26
14
3
43
b vecArray
4
20
22
24
26
14
3
43
b vecArray
5
20
22
24
26
14
3
43
b vecArray
6
20
22
24
26
14
3
43
b vecArray
7
20
22
24
26
14
3
43
b vecArray
8
20
22
24
26
14
3
43
b vecArray
9
20
22
24
26
14
3
43
b vecArray
10
20
22
24
26
14
3
43
b vecArray
11
20
22
24
26
14
3
43
b vecArray
12
20
22
24
26
14
3
43
b vecArray
13
20
22
24
26
14
3
43
b vecArray
14
20
22
24
26
14
3
43
b vecArray
15
20
22
24
26
14
3
43
b vecArray
16
20
22
24
26
14
3
43
b vecArray
17
20
22
24
26
14
3
43
b vecArray
18
20
22
24
26
14
3
43
b vecArray
19
20
22
24
26
14
3
43
b vecArray
20
20
22
24
26
14
3
43
b vecArray
21
20
22
24
26
14
3
43
b vecArray
22
20
22
24
26
14
3
43
b vecArray
23
20
22
24
26
14
3
43
b vecArray
24
20
22
24
26
14
3
43
b vecArray
25
20
22
24
26
14
3
43
b vecArray
26
20
22
24
26
14
3
43
b vecArray
27
20
22
24
26
14
3
43
b vecArray
28
20
22
24
26
14
3
43
b vecArray
29
20
22
24
26
14
3
43
b vecArray
30
20
22
24
26
14
3
43
b vecArray
31
20
22
24
26
14
3
43
b vecArray
32
20
22
24
26
14
3
43
b vecArray
33
20
22
24
26
14
3
43
b vecArray
34
20
22
24
26
14
3
43
b vecArray
35
20
22
24
26
14
3
43
b vecArray
36
20
22
24
26
14
3
43
b vecArray
37
20
22
24
26
14
3
43
b vecArray
38
20
22
24
26
14
3
43
b vecArray
39
20
22
24
26
14
3
43
b vecArray
40
20
22
24
26
14
3
43
b vecArray
41
20
22
24
26
14
3
43
b vecArray
42
20
22
24
26
14
3
43
b vecArray
43
20
22
24
26
14
3
43
b vecArray
44
20
22
24
26
14
3
43
b vecArray
45
20
22
24
26
14
3
43
b vecArray
46
20
22
24
26
14
3
43
b vecArray
47
20
22
24
26
14
3
43
b vecArray
48
20
22
24
26
14
3
43
b vecArray
49
20
22
24
26
14
3
43
b vecArray
50
20
22
24
26
14
3
43
b vecArray
42
24
42
100
200
100
4
12
2
Hello, World
24
142
124
142
100
200
100
104
112
102
